../Core/Src/NRF24L01.c:43:6:CS_Select	8	static
../Core/Src/NRF24L01.c:48:6:CS_UnSelect	8	static
../Core/Src/NRF24L01.c:54:6:CE_Enable	8	static
../Core/Src/NRF24L01.c:59:6:CE_Disable	8	static
../Core/Src/NRF24L01.c:67:6:nrf24_WriteReg	24	static
../Core/Src/NRF24L01.c:83:6:nrf24_WriteRegMulti	32	static
../Core/Src/NRF24L01.c:100:9:nrf24_ReadReg	24	static
../Core/Src/NRF24L01.c:118:6:nrf24_ReadReg_Multi	24	static
../Core/Src/NRF24L01.c:132:6:nrfsendCmd	16	static
../Core/Src/NRF24L01.c:143:6:nrf24_reset	40	static
../Core/Src/NRF24L01.c:191:6:NRF24_Init	8	static
../Core/Src/NRF24L01.c:222:6:NRF24_TxMode	24	static
../Core/Src/NRF24L01.c:245:9:NRF24_Transmit	24	static
../Core/Src/NRF24L01.c:282:6:NRF24_RxMode	24	static
../Core/Src/NRF24L01.c:322:9:isDataAvailable	24	static
../Core/Src/NRF24L01.c:338:6:NRF24_Receive	24	static
../Core/Src/NRF24L01.c:364:6:NRF24_ReadAll	32	static
